[sites.google.com/site/microprocessorsbits/index.html]
[backblue.gif]
[fade.gif]
[index.html]
[sites.google.com/site/microprocessorsbits/arithmetic-instructions.html]
[sites.google.com/site/microprocessorsbits/arithmetic-instructions/aaa.html]
[sites.google.com/site/microprocessorsbits/arithmetic-instructions/aad.html]
[sites.google.com/site/microprocessorsbits/arithmetic-instructions/aam.html]
[sites.google.com/site/microprocessorsbits/arithmetic-instructions/aas.html]
[sites.google.com/site/microprocessorsbits/arithmetic-instructions/adc.html]
[sites.google.com/site/microprocessorsbits/arithmetic-instructions/add.html]
[sites.google.com/site/microprocessorsbits/arithmetic-instructions/cmp.html]
[sites.google.com/site/microprocessorsbits/arithmetic-instructions/daa.html]
[sites.google.com/site/microprocessorsbits/arithmetic-instructions/das.html]
[sites.google.com/site/microprocessorsbits/arithmetic-instructions/dec.html]
[sites.google.com/site/microprocessorsbits/arithmetic-instructions/div.html]
[sites.google.com/site/microprocessorsbits/arithmetic-instructions/idiv.html]
[sites.google.com/site/microprocessorsbits/arithmetic-instructions/imul.html]
[sites.google.com/site/microprocessorsbits/arithmetic-instructions/inc.html]
[sites.google.com/site/microprocessorsbits/arithmetic-instructions/mul.html]
[sites.google.com/site/microprocessorsbits/arithmetic-instructions/neg.html]
[sites.google.com/site/microprocessorsbits/arithmetic-instructions/sbb.html]
[sites.google.com/site/microprocessorsbits/arithmetic-instructions/sub.html]
[sites.google.com/site/microprocessorsbits/arithmetic-instructions/xadd.html]
[sites.google.com/site/microprocessorsbits/bit-manipulation-instructions.html]
[sites.google.com/site/microprocessorsbits/bit-manipulation-instructions/bswap.html]
[sites.google.com/site/microprocessorsbits/bit-manipulation-instructions/logical-and.html]
[sites.google.com/site/microprocessorsbits/bit-manipulation-instructions/logical-not.html]
[sites.google.com/site/microprocessorsbits/bit-manipulation-instructions/logical-or.html]
[sites.google.com/site/microprocessorsbits/bit-manipulation-instructions/logical-xor.html]
[sites.google.com/site/microprocessorsbits/bit-manipulation-instructions/rcl.html]
[sites.google.com/site/microprocessorsbits/bit-manipulation-instructions/rcr.html]
[sites.google.com/site/microprocessorsbits/bit-manipulation-instructions/rol.html]
[sites.google.com/site/microprocessorsbits/bit-manipulation-instructions/ror.html]
[sites.google.com/site/microprocessorsbits/bit-manipulation-instructions/sar.html]
[sites.google.com/site/microprocessorsbits/bit-manipulation-instructions/shl-sal.html]
[sites.google.com/site/microprocessorsbits/bit-manipulation-instructions/shr.html]
[sites.google.com/site/microprocessorsbits/bit-manipulation-instructions/shrd-shld.html]
[sites.google.com/site/microprocessorsbits/data-transfer.html]
[sites.google.com/site/microprocessorsbits/data-transfer/cmpxchg.html]
[sites.google.com/site/microprocessorsbits/data-transfer/lahf.html]
[sites.google.com/site/microprocessorsbits/data-transfer/lar.html]
[sites.google.com/site/microprocessorsbits/data-transfer/lds-les.html]
[sites.google.com/site/microprocessorsbits/data-transfer/lea.html]
[sites.google.com/site/microprocessorsbits/data-transfer/move.html]
[sites.google.com/site/microprocessorsbits/data-transfer/movs.html]
[sites.google.com/site/microprocessorsbits/data-transfer/movsx.html]
[sites.google.com/site/microprocessorsbits/data-transfer/movzx.html]
[sites.google.com/site/microprocessorsbits/data-transfer/sahf.html]
[sites.google.com/site/microprocessorsbits/data-transfer/xchg.html]
[sites.google.com/site/microprocessorsbits/data-transfer/xlat.html]
[sites.google.com/site/microprocessorsbits/miscellaneous.html]
[sites.google.com/site/microprocessorsbits/miscellaneous/bt.html]
[sites.google.com/site/microprocessorsbits/miscellaneous/cbw.html]
[sites.google.com/site/microprocessorsbits/miscellaneous/cdq.html]
[sites.google.com/site/microprocessorsbits/miscellaneous/cwd.html]
[sites.google.com/site/microprocessorsbits/miscellaneous/cwde.html]
[sites.google.com/site/microprocessorsbits/processor-control-instructions.html]
[sites.google.com/site/microprocessorsbits/processor-control-instructions/clc.html]
[sites.google.com/site/microprocessorsbits/processor-control-instructions/cld.html]
[sites.google.com/site/microprocessorsbits/processor-control-instructions/cli.html]
[sites.google.com/site/microprocessorsbits/processor-control-instructions/cmc.html]
[sites.google.com/site/microprocessorsbits/processor-control-instructions/esc.html]
[sites.google.com/site/microprocessorsbits/processor-control-instructions/lock.html]
[sites.google.com/site/microprocessorsbits/processor-control-instructions/nop.html]
[sites.google.com/site/microprocessorsbits/processor-control-instructions/stc.html]
[sites.google.com/site/microprocessorsbits/processor-control-instructions/std.html]
[sites.google.com/site/microprocessorsbits/processor-control-instructions/sti.html]
[sites.google.com/site/microprocessorsbits/processor-control-instructions/wait.html]
[sites.google.com/site/microprocessorsbits/program-execution-transfer-instructions.html]
[sites.google.com/site/microprocessorsbits/program-execution-transfer-instructions/call.html]
[sites.google.com/site/microprocessorsbits/program-execution-transfer-instructions/enter.html]
[sites.google.com/site/microprocessorsbits/program-execution-transfer-instructions/int.html]
[sites.google.com/site/microprocessorsbits/program-execution-transfer-instructions/into.html]
[sites.google.com/site/microprocessorsbits/program-execution-transfer-instructions/iret.html]
[sites.google.com/site/microprocessorsbits/program-execution-transfer-instructions/ja-jnbe-1.html]
[sites.google.com/site/microprocessorsbits/program-execution-transfer-instructions/jae-jnb.html]
[sites.google.com/site/microprocessorsbits/program-execution-transfer-instructions/jb-jnae.html]
[sites.google.com/site/microprocessorsbits/program-execution-transfer-instructions/jbe-jna.html]
[sites.google.com/site/microprocessorsbits/program-execution-transfer-instructions/jc.html]
[sites.google.com/site/microprocessorsbits/program-execution-transfer-instructions/jcxz.html]
[sites.google.com/site/microprocessorsbits/program-execution-transfer-instructions/je-jz.html]
[sites.google.com/site/microprocessorsbits/program-execution-transfer-instructions/jg-jnle.html]
[sites.google.com/site/microprocessorsbits/program-execution-transfer-instructions/jge-jnl.html]
[sites.google.com/site/microprocessorsbits/program-execution-transfer-instructions/jl-jnge.html]
[sites.google.com/site/microprocessorsbits/program-execution-transfer-instructions/jle-jng.html]
[sites.google.com/site/microprocessorsbits/program-execution-transfer-instructions/jmp.html]
[sites.google.com/site/microprocessorsbits/program-execution-transfer-instructions/jne-jnz.html]
[sites.google.com/site/microprocessorsbits/program-execution-transfer-instructions/jno.html]
[sites.google.com/site/microprocessorsbits/program-execution-transfer-instructions/jnp-jpo.html]
[sites.google.com/site/microprocessorsbits/program-execution-transfer-instructions/jns.html]
[sites.google.com/site/microprocessorsbits/program-execution-transfer-instructions/jo.html]
[sites.google.com/site/microprocessorsbits/program-execution-transfer-instructions/jp-jpe.html]
[sites.google.com/site/microprocessorsbits/program-execution-transfer-instructions/js.html]
[sites.google.com/site/microprocessorsbits/program-execution-transfer-instructions/leave.html]
[sites.google.com/site/microprocessorsbits/program-execution-transfer-instructions/loop.html]
[sites.google.com/site/microprocessorsbits/program-execution-transfer-instructions/loope-loopz.html]
[sites.google.com/site/microprocessorsbits/program-execution-transfer-instructions/loopne-loopnz.html]
[sites.google.com/site/microprocessorsbits/program-execution-transfer-instructions/test.html]
[sites.google.com/site/microprocessorsbits/stack-instructions.html]
[sites.google.com/site/microprocessorsbits/stack-instructions/pop.html]
[sites.google.com/site/microprocessorsbits/stack-instructions/popa.html]
[sites.google.com/site/microprocessorsbits/stack-instructions/popf-popfd.html]
[sites.google.com/site/microprocessorsbits/stack-instructions/push.html]
[sites.google.com/site/microprocessorsbits/stack-instructions/pusha.html]
[sites.google.com/site/microprocessorsbits/stack-instructions/pushf.html]
[sites.google.com/site/microprocessorsbits/stack-instructions/ret.html]
[sites.google.com/site/microprocessorsbits/string-instructions.html]
[sites.google.com/site/microprocessorsbits/string-instructions/cmps-cmpsb-cmpsw.html]
[sites.google.com/site/microprocessorsbits/string-instructions/ins-insb-insw.html]
[sites.google.com/site/microprocessorsbits/string-instructions/lods-lodsb-lodsw.html]
[sites.google.com/site/microprocessorsbits/string-instructions/movs-movsb-movsw.html]
[sites.google.com/site/microprocessorsbits/string-instructions/outs-outsb-outsw.html]
[sites.google.com/site/microprocessorsbits/string-instructions/rep.html]
[sites.google.com/site/microprocessorsbits/string-instructions/repe-repne-repz-repnz.html]
[sites.google.com/site/microprocessorsbits/string-instructions/scas-scasb-scasw.html]
[sites.google.com/site/microprocessorsbits/string-instructions/stos-stosb-stosw.html]
[sites.google.com/site/microprocessorsbits/system/app/pages/sitemap/hierarchy.html]
[sites.google.com/site/microprocessorsbits/system/app/pages/recentChanges.html]
[sites.google.com/site/microprocessorsbits/system/app/pages/reportAbuse.html]
[sites.google.com/site/microprocessorsbits/_/tz.77.delayed]
[sites.google.com/site/microprocessorsbits/index.html]
[sites.google.com/site/microprocessorsbits/home.html]
[sites.google.com/site/microprocessorsbits/_/rsrc/1486051552000/system/app/images/toolbar-check.gif]
[sites.google.com/site/microprocessorsbits/_/rsrc/1486051552000/system/app/css/editor.css]
[sites.google.com/site/microprocessorsbits/_/rsrc/1486051552000/system/app/css/overlay5ae9.css]
[sites.google.com/site/microprocessorsbits/_/rsrc/1486051552000/system/app/images/icon-help-kennedy.png]
[sites.google.com/site/microprocessorsbits/_/rsrc/1486051552000/system/app/css/camelot/allthemes-view.css]
[sites.google.com/site/microprocessorsbits/arithmetic-instructions.html]
[sites.google.com/site/microprocessorsbits/arithmetic-instructions/aaa.html]
[sites.google.com/site/microprocessorsbits/arithmetic-instructions/aad.html]
[sites.google.com/site/microprocessorsbits/arithmetic-instructions/aam.html]
[sites.google.com/site/microprocessorsbits/arithmetic-instructions/aas.html]
[sites.google.com/site/microprocessorsbits/arithmetic-instructions/adc.html]
[sites.google.com/site/microprocessorsbits/arithmetic-instructions/add.html]
[sites.google.com/site/microprocessorsbits/arithmetic-instructions/cmp.html]
[sites.google.com/site/microprocessorsbits/arithmetic-instructions/daa.html]
[sites.google.com/site/microprocessorsbits/arithmetic-instructions/das.html]
[sites.google.com/site/microprocessorsbits/arithmetic-instructions/dec.html]
[sites.google.com/site/microprocessorsbits/arithmetic-instructions/div.html]
[sites.google.com/site/microprocessorsbits/arithmetic-instructions/idiv.html]
[sites.google.com/site/microprocessorsbits/arithmetic-instructions/imul.html]
[sites.google.com/site/microprocessorsbits/arithmetic-instructions/inc.html]
[sites.google.com/site/microprocessorsbits/arithmetic-instructions/mul.html]
[sites.google.com/site/microprocessorsbits/arithmetic-instructions/neg.html]
[sites.google.com/site/microprocessorsbits/arithmetic-instructions/sbb.html]
[sites.google.com/site/microprocessorsbits/arithmetic-instructions/sub.html]
[sites.google.com/site/microprocessorsbits/arithmetic-instructions/xadd.html]
[sites.google.com/site/microprocessorsbits/bit-manipulation-instructions.html]
[sites.google.com/site/microprocessorsbits/bit-manipulation-instructions/bswap.html]
[sites.google.com/site/microprocessorsbits/bit-manipulation-instructions/logical-and.html]
[sites.google.com/site/microprocessorsbits/bit-manipulation-instructions/logical-not.html]
[sites.google.com/site/microprocessorsbits/bit-manipulation-instructions/logical-or.html]
[sites.google.com/site/microprocessorsbits/bit-manipulation-instructions/logical-xor.html]
[sites.google.com/site/microprocessorsbits/bit-manipulation-instructions/rcl.html]
[sites.google.com/site/microprocessorsbits/bit-manipulation-instructions/rcr.html]
[sites.google.com/site/microprocessorsbits/bit-manipulation-instructions/rol.html]
[sites.google.com/site/microprocessorsbits/bit-manipulation-instructions/ror.html]
[sites.google.com/site/microprocessorsbits/bit-manipulation-instructions/sar.html]
[sites.google.com/site/microprocessorsbits/bit-manipulation-instructions/shl-sal.html]
[sites.google.com/site/microprocessorsbits/bit-manipulation-instructions/shr.html]
[sites.google.com/site/microprocessorsbits/bit-manipulation-instructions/shrd-shld.html]
[sites.google.com/site/microprocessorsbits/data-transfer.html]
[sites.google.com/site/microprocessorsbits/data-transfer/cmpxchg.html]
[sites.google.com/site/microprocessorsbits/data-transfer/lahf.html]
[sites.google.com/site/microprocessorsbits/data-transfer/lar.html]
[sites.google.com/site/microprocessorsbits/data-transfer/lds-les.html]
[sites.google.com/site/microprocessorsbits/_/rsrc/1486051552000/system/app/images/camelot.png]
[sites.google.com/site/microprocessorsbits/data-transfer/lea.html]
[sites.google.com/site/microprocessorsbits/data-transfer/move.html]
[sites.google.com/site/microprocessorsbits/data-transfer/movs.html]
[sites.google.com/site/microprocessorsbits/data-transfer/movsx.html]
[sites.google.com/site/microprocessorsbits/data-transfer/movzx.html]
[sites.google.com/site/microprocessorsbits/data-transfer/sahf.html]
[sites.google.com/site/microprocessorsbits/data-transfer/xchg.html]
[sites.google.com/site/microprocessorsbits/data-transfer/xlat.html]
[sites.google.com/site/microprocessorsbits/miscellaneous.html]
[sites.google.com/site/microprocessorsbits/miscellaneous/bt.html]
[sites.google.com/site/microprocessorsbits/miscellaneous/cbw.html]
[sites.google.com/site/microprocessorsbits/miscellaneous/cdq.html]
[sites.google.com/site/microprocessorsbits/miscellaneous/cwd.html]
[sites.google.com/site/microprocessorsbits/miscellaneous/cwde.html]
[sites.google.com/site/microprocessorsbits/processor-control-instructions.html]
[sites.google.com/site/microprocessorsbits/processor-control-instructions/clc.html]
[sites.google.com/site/microprocessorsbits/processor-control-instructions/cld.html]
[sites.google.com/site/microprocessorsbits/processor-control-instructions/cli.html]
[sites.google.com/site/microprocessorsbits/processor-control-instructions/cmc.html]
[sites.google.com/site/microprocessorsbits/processor-control-instructions/esc.html]
[sites.google.com/site/microprocessorsbits/processor-control-instructions/lock.html]
[sites.google.com/site/microprocessorsbits/processor-control-instructions/nop.html]
[sites.google.com/site/microprocessorsbits/processor-control-instructions/stc.html]
[sites.google.com/site/microprocessorsbits/processor-control-instructions/std.html]
[sites.google.com/site/microprocessorsbits/processor-control-instructions/sti.html]
[sites.google.com/site/microprocessorsbits/processor-control-instructions/wait.html]
[sites.google.com/site/microprocessorsbits/program-execution-transfer-instructions.html]
[sites.google.com/site/microprocessorsbits/program-execution-transfer-instructions/call.html]
[sites.google.com/site/microprocessorsbits/program-execution-transfer-instructions/enter.html]
[sites.google.com/site/microprocessorsbits/program-execution-transfer-instructions/int.html]
[sites.google.com/site/microprocessorsbits/program-execution-transfer-instructions/into.html]
[sites.google.com/site/microprocessorsbits/program-execution-transfer-instructions/iret.html]
[sites.google.com/site/microprocessorsbits/program-execution-transfer-instructions/ja-jnbe-1.html]
[sites.google.com/site/microprocessorsbits/program-execution-transfer-instructions/jae-jnb.html]
[sites.google.com/site/microprocessorsbits/program-execution-transfer-instructions/jb-jnae.html]
[sites.google.com/site/microprocessorsbits/program-execution-transfer-instructions/jbe-jna.html]
[sites.google.com/site/microprocessorsbits/program-execution-transfer-instructions/jc.html]
[sites.google.com/site/microprocessorsbits/program-execution-transfer-instructions/jcxz.html]
[sites.google.com/site/microprocessorsbits/program-execution-transfer-instructions/je-jz.html]
[sites.google.com/site/microprocessorsbits/program-execution-transfer-instructions/jg-jnle.html]
[sites.google.com/site/microprocessorsbits/program-execution-transfer-instructions/jge-jnl.html]
[sites.google.com/site/microprocessorsbits/program-execution-transfer-instructions/jl-jnge.html]
[sites.google.com/site/microprocessorsbits/program-execution-transfer-instructions/jle-jng.html]
[sites.google.com/site/microprocessorsbits/program-execution-transfer-instructions/jmp.html]
[sites.google.com/site/microprocessorsbits/program-execution-transfer-instructions/jne-jnz.html]
[sites.google.com/site/microprocessorsbits/program-execution-transfer-instructions/jno.html]
[sites.google.com/site/microprocessorsbits/program-execution-transfer-instructions/jnp-jpo.html]
[sites.google.com/site/microprocessorsbits/program-execution-transfer-instructions/jns.html]
[sites.google.com/site/microprocessorsbits/program-execution-transfer-instructions/jo.html]
[sites.google.com/site/microprocessorsbits/program-execution-transfer-instructions/jp-jpe.html]
[sites.google.com/site/microprocessorsbits/program-execution-transfer-instructions/js.html]
[sites.google.com/site/microprocessorsbits/program-execution-transfer-instructions/leave.html]
[sites.google.com/site/microprocessorsbits/program-execution-transfer-instructions/loop.html]
[sites.google.com/site/microprocessorsbits/program-execution-transfer-instructions/loope-loopz.html]
[sites.google.com/site/microprocessorsbits/program-execution-transfer-instructions/loopne-loopnz.html]
[sites.google.com/site/microprocessorsbits/program-execution-transfer-instructions/test.html]
[sites.google.com/site/microprocessorsbits/stack-instructions.html]
[sites.google.com/site/microprocessorsbits/stack-instructions/pop.html]
[sites.google.com/site/microprocessorsbits/stack-instructions/popa.html]
[sites.google.com/site/microprocessorsbits/stack-instructions/popf-popfd.html]
[sites.google.com/site/microprocessorsbits/stack-instructions/push.html]
[sites.google.com/site/microprocessorsbits/stack-instructions/pusha.html]
[sites.google.com/site/microprocessorsbits/stack-instructions/pushf.html]
[sites.google.com/site/microprocessorsbits/stack-instructions/ret.html]
[sites.google.com/site/microprocessorsbits/string-instructions.html]
[sites.google.com/site/microprocessorsbits/string-instructions/cmps-cmpsb-cmpsw.html]
[sites.google.com/site/microprocessorsbits/string-instructions/ins-insb-insw.html]
[sites.google.com/site/microprocessorsbits/string-instructions/lods-lodsb-lodsw.html]
[sites.google.com/site/microprocessorsbits/string-instructions/movs-movsb-movsw.html]
[sites.google.com/site/microprocessorsbits/string-instructions/outs-outsb-outsw.html]
[sites.google.com/site/microprocessorsbits/string-instructions/rep.html]
[sites.google.com/site/microprocessorsbits/string-instructions/repe-repne-repz-repnz.html]
[sites.google.com/site/microprocessorsbits/string-instructions/scas-scasb-scasw.html]
[sites.google.com/site/microprocessorsbits/string-instructions/stos-stosb-stosw.html]
[sites.google.com/site/microprocessorsbits/system/app/pages/subPagesc766.html]
[sites.google.com/site/microprocessorsbits/system.html]
[sites.google.com/site/microprocessorsbits/system/app.html]
[sites.google.com/site/microprocessorsbits/system/app/pages.html]
[sites.google.com/site/microprocessorsbits/system/app/pages/sitemap/hierarchy.html]
[sites.google.com/site/microprocessorsbits/system/app/pages/sitemap.html]
[sites.google.com/site/microprocessorsbits/activity.xml]
[sites.google.com/site/microprocessorsbits/system/errors/NodeNotFoundd6f2.html]
[sites.google.com/site/microprocessorsbits/system/errors/NodeNotFoundf20c.html]
[sites.google.com/site/microprocessorsbits/system/app/pages/recentChanges.html]
[sites.google.com/site/microprocessorsbits/system/app/pages/recentChanges4c30.html]
[sites.google.com/site/microprocessorsbits/system/app/pages/reportAbuse.html]
[sites.google.com/site/microprocessorsbits/_/tz.html]
[sites.google.com/site/microprocessorsbits/home.html]
[sites.google.com/site/microprocessorsbits/system/app/pages/subPagesc766.html]
[sites.google.com/site/microprocessorsbits/system.html]
[sites.google.com/site/microprocessorsbits/system/app.html]
[sites.google.com/site/microprocessorsbits/system/app/pages.html]
[sites.google.com/site/microprocessorsbits/system/app/pages/sitemap.html]
[sites.google.com/site/microprocessorsbits/system/errors/NodeNotFoundd6f2.html]
[sites.google.com/site/microprocessorsbits/system/errors/NodeNotFoundf20c.html]
[sites.google.com/site/microprocessorsbits/system/app/pages/recentChangese164.html]
[sites.google.com/site/microprocessorsbits/system/app/pages/recentChanges4c30.html]
[sites.google.com/site/microprocessorsbits/system/app/pages/recentChangesf13c.html]
[sites.google.com/site/microprocessorsbits/_/rsrc/1486051552000/system/app/css/camelot/dashboard.css]
[sites.google.com/site/microprocessorsbits/_/rsrc/1486051552000/system/app/css/camelot/error.css]
[sites.google.com/site/microprocessorsbits/_/rsrc/1486051552000/system/app/images/spinner.gif]
[sites.google.com/site/microprocessorsbits/system/errors/NodeNotFoundfd47.html]
[sites.google.com/site/microprocessorsbits/system/errors/NodeNotFound145c.html]
[sites.google.com/site/microprocessorsbits/system/errors/NodeNotFoundcca0.html]
[sites.google.com/site/microprocessorsbits/system/app/pages/recentChangese164.html]
[sites.google.com/site/microprocessorsbits/system/app/pages/recentChangesf13c.html]
[sites.google.com/site/microprocessorsbits/system/errors/NodeNotFoundfd47.html]
[sites.google.com/site/microprocessorsbits/system/errors/NodeNotFound145c.html]
[sites.google.com/site/microprocessorsbits/system/errors/NodeNotFoundcca0.html]
[sites.google.com/site/microprocessorsbits/system/app/pages/recentChanges79ee.html]
[sites.google.com/site/microprocessorsbits/system/app/pages/recentChanges79ee.html]
[sites.google.com/site/microprocessorsbits/system/app/pages/recentChanges1206.html]
[sites.google.com/site/microprocessorsbits/system/app/pages/recentChanges1206.html]
[sites.google.com/site/microprocessorsbits/system/app/pages/recentChanges0e37.html]
[sites.google.com/site/microprocessorsbits/system/app/pages/recentChanges0e37.html]
[sites.google.com/site/microprocessorsbits/system/app/pages/recentChangesbb6e.html]
[sites.google.com/site/microprocessorsbits/system/errors/NodeNotFound5706.html]
[sites.google.com/site/microprocessorsbits/system/app/pages/recentChangesbb6e.html]
[sites.google.com/site/microprocessorsbits/system/errors/NodeNotFound5706.html]
[sites.google.com/site/microprocessorsbits/system/app/pages/recentChanges7880.html]
[sites.google.com/site/microprocessorsbits/system/app/pages/recentChanges7880.html]
[sites.google.com/site/microprocessorsbits/system/app/pages/recentChanges1902.html]
[sites.google.com/site/microprocessorsbits/system/app/pages/recentChanges1902.html]
[sites.google.com/site/microprocessorsbits/system/app/pages/recentChangesbd62.html]
[sites.google.com/site/microprocessorsbits/system/app/pages/recentChangesbd62.html]
[sites.google.com/site/microprocessorsbits/system/app/pages/recentChanges4e41.html]
[sites.google.com/site/microprocessorsbits/system/app/pages/recentChanges4e41.html]
[sites.google.com/site/microprocessorsbits/system/app/pages/recentChangesffc0.html]
[sites.google.com/site/microprocessorsbits/system/app/pages/recentChangesffc0.html]
[sites.google.com/site/microprocessorsbits/system/app/pages/recentChanges5585.html]
[sites.google.com/site/microprocessorsbits/system/app/pages/recentChanges5585.html]
[sites.google.com/site/microprocessorsbits/system/app/pages/recentChangesbad8.html]
[sites.google.com/site/microprocessorsbits/system/app/pages/recentChangesbad8.html]
[sites.google.com/site/microprocessorsbits/system/app/pages/recentChangesd889.html]
[sites.google.com/site/microprocessorsbits/system/app/pages/recentChangesd889.html]
[sites.google.com/site/microprocessorsbits/system/errors/NodeNotFound6878.html]
[sites.google.com/site/microprocessorsbits/system/errors/NodeNotFound6878.html]
